// Jest Snapshot v1, https://goo.gl/fbAQLP

exports[`Search Component matches snapshot 1`] = `
<div>
  <form
    onSubmit={[Function]}
  >
    <TextField
      disabled={false}
      floatingLabelFixed={false}
      floatingLabelText="Search"
      fullWidth={false}
      multiLine={false}
      name="q"
      onChange={[Function]}
      rows={1}
      type="text"
      underlineShow={true}
    />
    <RaisedButton
      disabled={false}
      fullWidth={false}
      label="Search"
      labelPosition="after"
      primary={false}
      secondary={false}
      type="submit"
    />
  </form>
</div>
`;
