// Jest Snapshot v1, https://goo.gl/fbAQLP

exports[`ForgottenPassword Component matches snapshot 1`] = `
<div
  style={
    Object {
      "paddingLeft": "25%",
      "paddingRight": "25%",
    }
  }
>
  <Paper
    circle={false}
    rounded={true}
    style={
      Object {
        "height": 250,
        "marginLeft": "auto",
        "marginRight": "auto",
        "marginTop": 200,
        "padding": "1%",
        "textAlign": "center",
        "width": "80%",
      }
    }
    transitionEnabled={true}
    zDepth={3}
  >
    <h4>
       Enter your email address below to recieve a password reset link.
    </h4>
    <form
      onSubmit={[Function]}
    >
      <br />
      <div>
        <TextField
          disabled={false}
          floatingLabelFixed={false}
          floatingLabelText="Email Address"
          fullWidth={false}
          multiLine={false}
          name="email"
          rows={1}
          type="email"
          underlineShow={true}
        />
      </div>
      <br />
      <div>
        <RaisedButton
          disabled={false}
          fullWidth={false}
          label="Send Reset Link"
          labelPosition="after"
          primary={true}
          secondary={false}
          type="submit"
        />
      </div>
    </form>
  </Paper>
</div>
`;
