// Jest Snapshot v1, https://goo.gl/fbAQLP

exports[`ForgottenPassword Component matches snapshot 1`] = `
<div>
  <form
    onSubmit={[Function]}
  >
    <p>
       Enter your email address below to recieve a password reset link.
    </p>
    <input
      name="email"
      placeholder="Enter your email address"
      type="email"
    />
    <button
      type="submit"
    >
      Send Reset Link
    </button>
  </form>
</div>
`;
