// Jest Snapshot v1, https://goo.gl/fbAQLP

exports[`ResetPassword Component matches snapshot 1`] = `
<div>
  <form
    onSubmit={[Function]}
  >
    <input
      placeholder="Enter your new password here."
      type="password"
    />
    <input
      placeholder="Type password again to confirm."
      type="password"
    />
    <button
      type="submit"
    >
      Reset Password
    </button>
  </form>
</div>
`;
