// Jest Snapshot v1, https://goo.gl/fbAQLP

exports[`Search Component matches snapshot 1`] = `
<form
  className="navbar-form navbar-left"
  onSubmit={[Function]}
>
  <div
    className="form-group"
  >
    <input
      name="q"
      onChange={[Function]}
      placeholder="Search"
      type="text"
    />
  </div>
  <button
    className="btn btn-default"
    type="submit"
  >
    <i
      className="glyphicon glyphicon-search"
    />
  </button>
</form>
`;
